  cmake_pch.c
  SDL.c
  SDL_assert.c
  SDL_error.c
  SDL_guid.c
  SDL_hashtable.c
  SDL_hints.c
  SDL_list.c
  SDL_log.c
  SDL_properties.c
  SDL_utils.c
  SDL_atomic.c
  SDL_spinlock.c
  SDL_audio.c
  SDL_audiocvt.c
  SDL_audiodev.c
  SDL_audioqueue.c
  SDL_audioresample.c
  SDL_audiotypecvt.c
  SDL_mixer.c
  SDL_wave.c
  SDL_camera.c
  SDL_core_unsupported.c
  SDL_cpuinfo.c
  SDL_categories.c
  SDL_clipboardevents.c
  SDL_displayevents.c
  SDL_dropevents.c
  SDL_events.c
  SDL_eventwatch.c
  SDL_keyboard.c
  SDL_keymap.c
  SDL_keysym_to_keycode.c
  SDL_keysym_to_scancode.c
  SDL_mouse.c
  SDL_pen.c
  SDL_quit.c
  SDL_scancode_tables.c
  SDL_touch.c
  SDL_windowevents.c
  imKStoUCS.c
  SDL_filesystem.c
  SDL_gpu.c
  SDL_haptic.c
  SDL_hidapi.c
  SDL_asyncio.c
  SDL_iostream.c
  SDL_asyncio_generic.c
  SDL_gamepad.c
  SDL_joystick.c
  SDL_steam_virtual_gamepad.c
  controller_type.c
  SDL_locale.c
  SDL_main_callbacks.c
  SDL_runapp.c
  SDL_url.c
  SDL_power.c
  SDL_d3dmath.c
  SDL_render.c
  SDL_render_unsupported.c
  SDL_yuv_sw.c
  SDL_render_d3d.c
  SDL_shaders_d3d.c
  SDL_render_d3d11.c
  SDL_shaders_d3d11.c
  SDL_render_d3d12.c
  SDL_shaders_d3d12.c
  SDL_pipeline_gpu.c
  SDL_render_gpu.c
  SDL_shaders_gpu.c
  SDL_render_gl.c
  SDL_shaders_gl.c
  SDL_render_gles2.c
  SDL_shaders_gles2.c
  SDL_render_ps2.c
  SDL_render_psp.c
  SDL_blendfillrect.c
  SDL_blendline.c
  SDL_blendpoint.c
  SDL_drawline.c
  SDL_drawpoint.c
  SDL_render_sw.c
  SDL_rotate.c
  SDL_triangle.c
  SDL_render_vita_gxm.c
  SDL_render_vita_gxm_memory.c
  SDL_render_vita_gxm_tools.c
  SDL_render_vulkan.c
  SDL_shaders_vulkan.c
  SDL_sensor.c
  SDL_crc16.c
  SDL_crc32.c
  SDL_getenv.c
  SDL_iconv.c
  SDL_malloc.c
  SDL_memcpy.c
  SDL_memmove.c
  SDL_memset.c
  SDL_murmur3.c
  SDL_qsort.c
  SDL_random.c
  SDL_stdlib.c
  SDL_string.c
  SDL_strtokr.c
  SDL_storage.c
  SDL_thread.c
  SDL_time.c
  SDL_timer.c
  SDL_RLEaccel.c
  SDL_blit.c
  SDL_blit_0.c
  SDL_blit_1.c
  SDL_blit_A.c
  SDL_blit_N.c
  SDL_blit_auto.c
  SDL_blit_copy.c
  SDL_blit_slow.c
  SDL_bmp.c
  SDL_clipboard.c
  SDL_egl.c
  SDL_fillrect.c
  SDL_pixels.c
  SDL_rect.c
  SDL_stb.c
  SDL_stretch.c
  SDL_surface.c
  SDL_video.c
  SDL_video_unsupported.c
  SDL_vulkan_utils.c
  SDL_yuv.c
  yuv_rgb_lsx.c
  yuv_rgb_sse.c
  yuv_rgb_std.c
  SDL_dummyaudio.c
  SDL_diskaudio.c
  SDL_camera_dummy.c
  SDL_virtualjoystick.c
  SDL_nullevents.c
  SDL_nullframebuffer.c
  SDL_nullvideo.c
  SDL_gameinput.c
  SDL_hid.c
  SDL_immdevice.c
  SDL_windows.c
  SDL_xinput.c
  pch.c
  SDL_sysmain_runapp.c
  SDL_asyncio_windows_ioring.c
  SDL_sysurl.c
  SDL_directsound.c
  SDL_wasapi.c
  SDL_surface_utils.c
  SDL_windowsclipboard.c
  SDL_windowsevents.c
  SDL_windowsframebuffer.c
  SDL_windowsgameinput.c
  SDL_windowskeyboard.c
  SDL_windowsmessagebox.c
  SDL_windowsmodes.c
  SDL_windowsmouse.c
D:\FITD\ThirdParty\SDL\src\render\vulkan\SDL_render_vulkan.c(3766,10): warning C5286: implicit conversion from enum type 'VkFilter' to enum type 'SDL_ScaleMode'; use an explicit cast to silence this warning
  SDL_windowsopengl.c
  (compiling source file '../../../../ThirdParty/SDL/src/render/vulkan/SDL_render_vulkan.c')
  
D:\FITD\ThirdParty\SDL\src\render\vulkan\SDL_render_vulkan.c(3778,10): warning C5286: implicit conversion from enum type 'VkFilter' to enum type 'SDL_ScaleMode'; use an explicit cast to silence this warning
  (compiling source file '../../../../ThirdParty/SDL/src/render/vulkan/SDL_render_vulkan.c')
  
  SDL_windowsopengles.c
  SDL_windowsrawinput.c
  SDL_windowsshape.c
  SDL_windowsvideo.c
  SDL_windowsvulkan.c
  SDL_windowswindow.c
  SDL_syscond.c
  SDL_sysrwlock.c
  SDL_syscond_cv.c
  SDL_sysmutex.c
  SDL_sysrwlock_srw.c
  SDL_syssem.c
  SDL_systhread.c
  SDL_systls.c
  SDL_windowssensor.c
  SDL_syspower.c
  SDL_syslocale.c
  SDL_sysfilesystem.c
  SDL_sysfsops.c
  SDL_genericstorage.c
  SDL_steamstorage.c
  SDL_systime.c
  SDL_systimer.c
  SDL_sysloadso.c
  SDL_tray.c
  SDL_hidapi_combined.c
  SDL_hidapi_gamecube.c
  SDL_hidapi_luna.c
  SDL_hidapi_ps3.c
  SDL_hidapi_ps4.c
  SDL_hidapi_ps5.c
  SDL_hidapi_rumble.c
  SDL_hidapi_shield.c
  SDL_hidapi_stadia.c
  SDL_hidapi_steam.c
  SDL_hidapi_steam_hori.c
  SDL_hidapi_steamdeck.c
  SDL_hidapi_switch.c
  SDL_hidapi_wii.c
  SDL_hidapi_xbox360.c
  SDL_hidapi_xbox360w.c
  SDL_hidapi_xboxone.c
  SDL_hidapijoystick.c
  SDL_dinputjoystick.c
  SDL_rawinputjoystick.c
  SDL_windows_gaming_input.c
  SDL_windowsjoystick.c
  SDL_xinputjoystick.c
  SDL_gameinputjoystick.c
  SDL_dinputhaptic.c
  SDL_windowshaptic.c
  SDL_camera_mediafoundation.c
  SDL_dialog.c
  SDL_dialog_utils.c
  SDL_windowsdialog.c
  SDL_process.c
  SDL_windowsprocess.c
  SDL_offscreenevents.c
  SDL_offscreenframebuffer.c
  SDL_offscreenopengles.c
  SDL_offscreenvideo.c
  SDL_offscreenvulkan.c
  SDL_offscreenwindow.c
  SDL_tray_utils.c
  SDL_gpu_d3d12.c
  SDL_gpu_vulkan.c
  SDL_sysmain_callbacks.c
  SDL_dynapi.c
  SDL_mslibc.c
  SDL3-static.vcxproj -> D:\FITD\build\vs2026-new\ThirdParty\SDL\Debug\SDL3-static.lib
