d:\fitd\build\vs2026-new\fitdlib\fitdlib.dir\release\lockedfiles\animaction.cpp.obj
d:\fitd\build\vs2026-new\fitdlib\fitdlib.dir\release\anim.obj
d:\fitd\build\vs2026-new\fitdlib\fitdlib.dir\release\debugfont.obj
d:\fitd\build\vs2026-new\fitdlib\fitdlib.dir\release\embedded_etage11_pak.obj
d:\fitd\build\vs2026-new\fitdlib\fitdlib.dir\release\embedded_etage15_pak.obj
d:\fitd\build\vs2026-new\fitdlib\fitdlib.dir\release\embedded_grap_pak.obj
d:\fitd\build\vs2026-new\fitdlib\fitdlib.dir\release\embedded_listani2_pak.obj
d:\fitd\build\vs2026-new\fitdlib\fitdlib.dir\release\embedded_listlife_pak.obj
d:\fitd\build\vs2026-new\fitdlib\fitdlib.dir\release\embedded_mask02_pak.obj
d:\fitd\build\vs2026-new\fitdlib\fitdlib.dir\release\embedded_mask06_pak.obj
d:\fitd\build\vs2026-new\fitdlib\fitdlib.dir\release\embedded_mask10_pak.obj
d:\fitd\build\vs2026-new\fitdlib\fitdlib.dir\release\embedded_mask16_pak.obj
d:\fitd\build\vs2026-new\fitdlib\fitdlib.dir\release\embedded_prol_pak.obj
d:\fitd\build\vs2026-new\fitdlib\fitdlib.dir\release\embedded_jack_listtrak_pak.obj
d:\fitd\build\vs2026-new\fitdlib\fitdlib.dir\release\embedded_jack_vars_itd.obj
d:\fitd\build\vs2026-new\fitdlib\fitdlib.dir\release\fmopl.obj
d:\fitd\build\vs2026-new\fitdlib\fitdlib.dir\release\jobsystem.obj
d:\fitd\build\vs2026-new\fitdlib\fitdlib.dir\release\nativelife.obj
d:\fitd\build\vs2026-new\fitdlib\fitdlib.dir\release\save.obj
d:\fitd\build\vs2026-new\fitdlib\fitdlib.dir\release\imgui_draw.obj
d:\fitd\build\vs2026-new\fitdlib\fitdlib.dir\release\aitd1_tatou.obj
d:\fitd\build\vs2026-new\fitdlib\fitdlib.dir\release\costable.obj
d:\fitd\build\vs2026-new\fitdlib\fitdlib.dir\release\embedded_etage09_pak.obj
d:\fitd\build\vs2026-new\fitdlib\fitdlib.dir\release\embedded_etage12_pak.obj
d:\fitd\build\vs2026-new\fitdlib\fitdlib.dir\release\embedded_francais_pak.obj
d:\fitd\build\vs2026-new\fitdlib\fitdlib.dir\release\embedded_italiano_pak.obj
d:\fitd\build\vs2026-new\fitdlib\fitdlib.dir\release\embedded_last_pak.obj
d:\fitd\build\vs2026-new\fitdlib\fitdlib.dir\release\embedded_listbod2_pak.obj
d:\fitd\build\vs2026-new\fitdlib\fitdlib.dir\release\embedded_priority_itd.obj
d:\fitd\build\vs2026-new\fitdlib\fitdlib.dir\release\embedded_usa_pak.obj
d:\fitd\build\vs2026-new\fitdlib\fitdlib.dir\release\embedded_jack_camera16_pak.obj
d:\fitd\build\vs2026-new\fitdlib\fitdlib.dir\release\fontttf.obj
d:\fitd\build\vs2026-new\fitdlib\fitdlib.dir\release\lifemacrotable.obj
d:\fitd\build\vs2026-new\fitdlib\fitdlib.dir\release\nativelifescripts_generated.obj
d:\fitd\build\vs2026-new\fitdlib\fitdlib.dir\release\sprite.obj
d:\fitd\build\vs2026-new\fitdlib\fitdlib.dir\release\videomode.obj
d:\fitd\build\vs2026-new\fitdlib\fitdlib.dir\release\aitd2.obj
d:\fitd\build\vs2026-new\fitdlib\fitdlib.dir\release\controlsmenu.obj
d:\fitd\build\vs2026-new\fitdlib\fitdlib.dir\release\embedded_controllerhint_png.obj
d:\fitd\build\vs2026-new\fitdlib\fitdlib.dir\release\embedded_etage01_pak.obj
d:\fitd\build\vs2026-new\fitdlib\fitdlib.dir\release\embedded_etage06_pak.obj
d:\fitd\build\vs2026-new\fitdlib\fitdlib.dir\release\embedded_etage16_pak.obj
d:\fitd\build\vs2026-new\fitdlib\fitdlib.dir\release\embedded_gras_pak.obj
d:\fitd\build\vs2026-new\fitdlib\fitdlib.dir\release\embedded_listbody_pak.obj
d:\fitd\build\vs2026-new\fitdlib\fitdlib.dir\release\embedded_pl21_pak.obj
d:\fitd\build\vs2026-new\fitdlib\fitdlib.dir\release\embedded_jack_deutsch_pak.obj
d:\fitd\build\vs2026-new\fitdlib\fitdlib.dir\release\embedded_jack_etage16_pak.obj
d:\fitd\build\vs2026-new\fitdlib\fitdlib.dir\release\embedded_jack_listanim_pak.obj
d:\fitd\build\vs2026-new\fitdlib\fitdlib.dir\release\embedded_jack_mask16_pak.obj
d:\fitd\build\vs2026-new\fitdlib\fitdlib.dir\release\exceptionhandler.obj
d:\fitd\build\vs2026-new\fitdlib\fitdlib.dir\release\hqr.obj
d:\fitd\build\vs2026-new\fitdlib\fitdlib.dir\release\mainloop.obj
d:\fitd\build\vs2026-new\fitdlib\fitdlib.dir\release\pak.obj
d:\fitd\build\vs2026-new\fitdlib\fitdlib.dir\release\startupmenu.obj
d:\fitd\build\vs2026-new\fitdlib\fitdlib.dir\release\vocdecoder.obj
d:\fitd\build\vs2026-new\fitdlib\fitdlib.dir\release\imgui_impl_sdl3.obj
d:\fitd\build\vs2026-new\fitdlib\fitdlib.dir\release\backgrounddump.obj
d:\fitd\build\vs2026-new\fitdlib\fitdlib.dir\release\debugger.obj
d:\fitd\build\vs2026-new\fitdlib\fitdlib.dir\release\embedded_etage08_pak.obj
d:\fitd\build\vs2026-new\fitdlib\fitdlib.dir\release\embedded_expl_pak.obj
d:\fitd\build\vs2026-new\fitdlib\fitdlib.dir\release\embedded_listanim_pak.obj
d:\fitd\build\vs2026-new\fitdlib\fitdlib.dir\release\embedded_listhyb_pak.obj
d:\fitd\build\vs2026-new\fitdlib\fitdlib.dir\release\embedded_listmat_pak.obj
d:\fitd\build\vs2026-new\fitdlib\fitdlib.dir\release\embedded_listsamp_pak.obj
d:\fitd\build\vs2026-new\fitdlib\fitdlib.dir\release\hdbackgroundrenderer.obj
d:\fitd\build\vs2026-new\fitdlib\fitdlib.dir\release\lines.obj
d:\fitd\build\vs2026-new\fitdlib\fitdlib.dir\release\osystemal.obj
d:\fitd\build\vs2026-new\fitdlib\fitdlib.dir\release\sequence.obj
d:\fitd\build\vs2026-new\fitdlib\fitdlib.dir\release\zv.obj
d:\fitd\build\vs2026-new\fitdlib\fitdlib.dir\release\asyncloader.obj
d:\fitd\build\vs2026-new\fitdlib\fitdlib.dir\release\embedded_anim08_pak.obj
d:\fitd\build\vs2026-new\fitdlib\fitdlib.dir\release\embedded_anim12_pak.obj
d:\fitd\build\vs2026-new\fitdlib\fitdlib.dir\release\embedded_anim15_pak.obj
d:\fitd\build\vs2026-new\fitdlib\fitdlib.dir\release\embedded_bill_pak.obj
d:\fitd\build\vs2026-new\fitdlib\fitdlib.dir\release\embedded_camera01_pak.obj
d:\fitd\build\vs2026-new\fitdlib\fitdlib.dir\release\embedded_camera04_pak.obj
d:\fitd\build\vs2026-new\fitdlib\fitdlib.dir\release\embedded_camera05_pak.obj
d:\fitd\build\vs2026-new\fitdlib\fitdlib.dir\release\embedded_camera10_pak.obj
d:\fitd\build\vs2026-new\fitdlib\fitdlib.dir\release\embedded_camera12_pak.obj
d:\fitd\build\vs2026-new\fitdlib\fitdlib.dir\release\embedded_espagnol_pak.obj
d:\fitd\build\vs2026-new\fitdlib\fitdlib.dir\release\embedded_etage05_pak.obj
d:\fitd\build\vs2026-new\fitdlib\fitdlib.dir\release\embedded_fala_pak.obj
d:\fitd\build\vs2026-new\fitdlib\fitdlib.dir\release\embedded_jend_pak.obj
d:\fitd\build\vs2026-new\fitdlib\fitdlib.dir\release\embedded_mask09_pak.obj
d:\fitd\build\vs2026-new\fitdlib\fitdlib.dir\release\embedded_mask13_pak.obj
d:\fitd\build\vs2026-new\fitdlib\fitdlib.dir\release\embedded_mask14_pak.obj
d:\fitd\build\vs2026-new\fitdlib\fitdlib.dir\release\embedded_pant_pak.obj
d:\fitd\build\vs2026-new\fitdlib\fitdlib.dir\release\embedded_jack_english_pak.obj
d:\fitd\build\vs2026-new\fitdlib\fitdlib.dir\release\embedded_jack_francais_pak.obj
d:\fitd\build\vs2026-new\fitdlib\fitdlib.dir\release\embedded_jack_listbody_pak.obj
d:\fitd\build\vs2026-new\fitdlib\fitdlib.dir\release\embedded_jack_objets_itd.obj
d:\fitd\build\vs2026-new\fitdlib\fitdlib.dir\release\evalvar.obj
d:\fitd\build\vs2026-new\fitdlib\fitdlib.dir\release\lanternlighting.obj
d:\fitd\build\vs2026-new\fitdlib\fitdlib.dir\release\osystemal_adlib.obj
d:\fitd\build\vs2026-new\fitdlib\fitdlib.dir\release\room.obj
d:\fitd\build\vs2026-new\fitdlib\fitdlib.dir\release\version.obj
d:\fitd\build\vs2026-new\fitdlib\fitdlib.dir\release\animaction_temp.obj
d:\fitd\build\vs2026-new\fitdlib\fitdlib.dir\release\bganimgrassmask.obj
d:\fitd\build\vs2026-new\fitdlib\fitdlib.dir\release\embeddeddatadispatch.obj
d:\fitd\build\vs2026-new\fitdlib\fitdlib.dir\release\embedded_aitd2_flag.obj
d:\fitd\build\vs2026-new\fitdlib\fitdlib.dir\release\embedded_anim00_pak.obj
d:\fitd\build\vs2026-new\fitdlib\fitdlib.dir\release\embedded_anim03_pak.obj
d:\fitd\build\vs2026-new\fitdlib\fitdlib.dir\release\embedded_anim04_pak.obj
d:\fitd\build\vs2026-new\fitdlib\fitdlib.dir\release\embedded_anim06_pak.obj
d:\fitd\build\vs2026-new\fitdlib\fitdlib.dir\release\embedded_anim10_pak.obj
d:\fitd\build\vs2026-new\fitdlib\fitdlib.dir\release\embedded_anim14_pak.obj
d:\fitd\build\vs2026-new\fitdlib\fitdlib.dir\release\embedded_anim16_pak.obj
d:\fitd\build\vs2026-new\fitdlib\fitdlib.dir\release\embedded_camera00_pak.obj
d:\fitd\build\vs2026-new\fitdlib\fitdlib.dir\release\embedded_camera03_pak.obj
d:\fitd\build\vs2026-new\fitdlib\fitdlib.dir\release\embedded_camera06_pak.obj
d:\fitd\build\vs2026-new\fitdlib\fitdlib.dir\release\embedded_camera09_pak.obj
d:\fitd\build\vs2026-new\fitdlib\fitdlib.dir\release\embedded_camera11_pak.obj
d:\fitd\build\vs2026-new\fitdlib\fitdlib.dir\release\embedded_camera15_pak.obj
d:\fitd\build\vs2026-new\fitdlib\fitdlib.dir\release\embedded_cle1_pak.obj
d:\fitd\build\vs2026-new\fitdlib\fitdlib.dir\release\embedded_cle2_pak.obj
d:\fitd\build\vs2026-new\fitdlib\fitdlib.dir\release\embedded_cook_pak.obj
d:\fitd\build\vs2026-new\fitdlib\fitdlib.dir\release\embedded_english_pak.obj
d:\fitd\build\vs2026-new\fitdlib\fitdlib.dir\release\embedded_etage04_pak.obj
d:\fitd\build\vs2026-new\fitdlib\fitdlib.dir\release\embedded_etage07_pak.obj
d:\fitd\build\vs2026-new\fitdlib\fitdlib.dir\release\embedded_etage13_pak.obj
d:\fitd\build\vs2026-new\fitdlib\fitdlib.dir\release\embedded_fin_pak.obj
d:\fitd\build\vs2026-new\fitdlib\fitdlib.dir\release\embedded_mani_pak.obj
d:\fitd\build\vs2026-new\fitdlib\fitdlib.dir\release\embedded_mask15_pak.obj
d:\fitd\build\vs2026-new\fitdlib\fitdlib.dir\release\embedded_pere_pak.obj
d:\fitd\build\vs2026-new\fitdlib\fitdlib.dir\release\floor.obj
d:\fitd\build\vs2026-new\fitdlib\fitdlib.dir\release\lightprobes.obj
d:\fitd\build\vs2026-new\fitdlib\fitdlib.dir\release\osystemal_mp3.obj
d:\fitd\build\vs2026-new\fitdlib\fitdlib.dir\release\osystemsdl.obj
d:\fitd\build\vs2026-new\fitdlib\fitdlib.dir\release\embeddedshaders.obj
d:\fitd\build\vs2026-new\fitdlib\fitdlib.dir\release\vars.obj
d:\fitd\build\vs2026-new\fitdlib\fitdlib.dir\release\actorlist.obj
d:\fitd\build\vs2026-new\fitdlib\fitdlib.dir\release\configremaster.obj
d:\fitd\build\vs2026-new\fitdlib\fitdlib.dir\release\embedded_defines_itd.obj
d:\fitd\build\vs2026-new\fitdlib\fitdlib.dir\release\embedded_deutsch_pak.obj
d:\fitd\build\vs2026-new\fitdlib\fitdlib.dir\release\embedded_etage00_pak.obj
d:\fitd\build\vs2026-new\fitdlib\fitdlib.dir\release\embedded_etage02_pak.obj
d:\fitd\build\vs2026-new\fitdlib\fitdlib.dir\release\embedded_etage10_pak.obj
d:\fitd\build\vs2026-new\fitdlib\fitdlib.dir\release\embedded_etage14_pak.obj
d:\fitd\build\vs2026-new\fitdlib\fitdlib.dir\release\embedded_glis_pak.obj
d:\fitd\build\vs2026-new\fitdlib\fitdlib.dir\release\embedded_itd_ress_pak.obj
d:\fitd\build\vs2026-new\fitdlib\fitdlib.dir\release\embedded_vars_itd.obj
d:\fitd\build\vs2026-new\fitdlib\fitdlib.dir\release\embedded_jack_anim16_pak.obj
d:\fitd\build\vs2026-new\fitdlib\fitdlib.dir\release\embedded_jack_itd_ress_pak.obj
d:\fitd\build\vs2026-new\fitdlib\fitdlib.dir\release\gametime.obj
d:\fitd\build\vs2026-new\fitdlib\fitdlib.dir\release\life.obj
d:\fitd\build\vs2026-new\fitdlib\fitdlib.dir\release\object.obj
d:\fitd\build\vs2026-new\fitdlib\fitdlib.dir\release\rendererbgfx.obj
d:\fitd\build\vs2026-new\fitdlib\fitdlib.dir\release\unpack.obj
d:\fitd\build\vs2026-new\fitdlib\fitdlib.dir\release\aitd1.obj
d:\fitd\build\vs2026-new\fitdlib\fitdlib.dir\release\embeddeddata.obj
d:\fitd\build\vs2026-new\fitdlib\fitdlib.dir\release\embeddedjackdata.obj
d:\fitd\build\vs2026-new\fitdlib\fitdlib.dir\release\embedded_anim01_pak.obj
d:\fitd\build\vs2026-new\fitdlib\fitdlib.dir\release\embedded_anim02_pak.obj
d:\fitd\build\vs2026-new\fitdlib\fitdlib.dir\release\embedded_anim05_pak.obj
d:\fitd\build\vs2026-new\fitdlib\fitdlib.dir\release\embedded_anim07_pak.obj
d:\fitd\build\vs2026-new\fitdlib\fitdlib.dir\release\embedded_anim09_pak.obj
d:\fitd\build\vs2026-new\fitdlib\fitdlib.dir\release\embedded_anim11_pak.obj
d:\fitd\build\vs2026-new\fitdlib\fitdlib.dir\release\embedded_anim13_pak.obj
d:\fitd\build\vs2026-new\fitdlib\fitdlib.dir\release\embedded_batl_pak.obj
d:\fitd\build\vs2026-new\fitdlib\fitdlib.dir\release\embedded_camera02_pak.obj
d:\fitd\build\vs2026-new\fitdlib\fitdlib.dir\release\embedded_camera07_pak.obj
d:\fitd\build\vs2026-new\fitdlib\fitdlib.dir\release\embedded_camera08_pak.obj
d:\fitd\build\vs2026-new\fitdlib\fitdlib.dir\release\embedded_camera13_pak.obj
d:\fitd\build\vs2026-new\fitdlib\fitdlib.dir\release\embedded_camera14_pak.obj
d:\fitd\build\vs2026-new\fitdlib\fitdlib.dir\release\embedded_camera16_pak.obj
d:\fitd\build\vs2026-new\fitdlib\fitdlib.dir\release\embedded_endseq_pak.obj
d:\fitd\build\vs2026-new\fitdlib\fitdlib.dir\release\embedded_etage03_pak.obj
d:\fitd\build\vs2026-new\fitdlib\fitdlib.dir\release\embedded_fal2_pak.obj
d:\fitd\build\vs2026-new\fitdlib\fitdlib.dir\release\embedded_itro_pak.obj
d:\fitd\build\vs2026-new\fitdlib\fitdlib.dir\release\embedded_listmus_pak.obj
d:\fitd\build\vs2026-new\fitdlib\fitdlib.dir\release\embedded_listtrak_pak.obj
d:\fitd\build\vs2026-new\fitdlib\fitdlib.dir\release\embedded_mask01_pak.obj
d:\fitd\build\vs2026-new\fitdlib\fitdlib.dir\release\embedded_mask03_pak.obj
d:\fitd\build\vs2026-new\fitdlib\fitdlib.dir\release\embedded_mask05_pak.obj
d:\fitd\build\vs2026-new\fitdlib\fitdlib.dir\release\embedded_mask11_pak.obj
d:\fitd\build\vs2026-new\fitdlib\fitdlib.dir\release\embedded_objets_itd.obj
d:\fitd\build\vs2026-new\fitdlib\fitdlib.dir\release\embedded_stri_pak.obj
d:\fitd\build\vs2026-new\fitdlib\fitdlib.dir\release\embedded_jack_listmus_pak.obj
d:\fitd\build\vs2026-new\fitdlib\fitdlib.dir\release\embedded_jack_priority_itd.obj
d:\fitd\build\vs2026-new\fitdlib\fitdlib.dir\release\fileaccess.obj
d:\fitd\build\vs2026-new\fitdlib\fitdlib.dir\release\input.obj
d:\fitd\build\vs2026-new\fitdlib\fitdlib.dir\release\nativelifehelpersimpl.obj
d:\fitd\build\vs2026-new\fitdlib\fitdlib.dir\release\polys.obj
d:\fitd\build\vs2026-new\fitdlib\fitdlib.dir\release\systemmenu.obj
d:\fitd\build\vs2026-new\fitdlib\fitdlib.dir\release\imgui.obj
d:\fitd\build\vs2026-new\fitdlib\fitdlib.dir\release\aitd3.obj
d:\fitd\build\vs2026-new\fitdlib\fitdlib.dir\release\bloodparticles.obj
d:\fitd\build\vs2026-new\fitdlib\fitdlib.dir\release\embedded_mer_pak.obj
d:\fitd\build\vs2026-new\fitdlib\fitdlib.dir\release\embedded_jack_defines_itd.obj
d:\fitd\build\vs2026-new\fitdlib\fitdlib.dir\release\embedded_jack_espagnol_pak.obj
d:\fitd\build\vs2026-new\fitdlib\fitdlib.dir\release\embedded_jack_italiano_pak.obj
d:\fitd\build\vs2026-new\fitdlib\fitdlib.dir\release\embedded_jack_listhyb_pak.obj
d:\fitd\build\vs2026-new\fitdlib\fitdlib.dir\release\embedded_jack_listlife_pak.obj
d:\fitd\build\vs2026-new\fitdlib\fitdlib.dir\release\embedded_jack_listmat_pak.obj
d:\fitd\build\vs2026-new\fitdlib\fitdlib.dir\release\embedded_jack_pere_pak.obj
d:\fitd\build\vs2026-new\fitdlib\fitdlib.dir\release\hdbackground.obj
d:\fitd\build\vs2026-new\fitdlib\fitdlib.dir\release\main.obj
d:\fitd\build\vs2026-new\fitdlib\fitdlib.dir\release\resourcegc.obj
d:\fitd\build\vs2026-new\fitdlib\fitdlib.dir\release\threadcode.obj
d:\fitd\build\vs2026-new\fitdlib\fitdlib.dir\release\imgui_widgets.obj
d:\fitd\build\vs2026-new\fitdlib\fitdlib.dir\release\aitdbox.obj
d:\fitd\build\vs2026-new\fitdlib\fitdlib.dir\release\bgfxglue.obj
d:\fitd\build\vs2026-new\fitdlib\fitdlib.dir\release\embedded_mask04_pak.obj
d:\fitd\build\vs2026-new\fitdlib\fitdlib.dir\release\embedded_mask08_pak.obj
d:\fitd\build\vs2026-new\fitdlib\fitdlib.dir\release\embedded_present_pak.obj
d:\fitd\build\vs2026-new\fitdlib\fitdlib.dir\release\font.obj
d:\fitd\build\vs2026-new\fitdlib\fitdlib.dir\release\inventory.obj
d:\fitd\build\vs2026-new\fitdlib\fitdlib.dir\release\nativelifescripts_aitd1.obj
d:\fitd\build\vs2026-new\fitdlib\fitdlib.dir\release\postprocessing.obj
d:\fitd\build\vs2026-new\fitdlib\fitdlib.dir\release\screen.obj
d:\fitd\build\vs2026-new\fitdlib\fitdlib.dir\release\track.obj
d:\fitd\build\vs2026-new\fitdlib\fitdlib.dir\release\jack.obj
d:\fitd\build\vs2026-new\fitdlib\fitdlib.dir\release\bytecodepatches.obj
d:\fitd\build\vs2026-new\fitdlib\fitdlib.dir\release\hdarchive.obj
d:\fitd\build\vs2026-new\fitdlib\fitdlib.dir\release\imguibgfx.obj
d:\fitd\build\vs2026-new\fitdlib\fitdlib.dir\release\modelatlas.obj
d:\fitd\build\vs2026-new\fitdlib\fitdlib.dir\release\renderer.obj
d:\fitd\build\vs2026-new\fitdlib\fitdlib.dir\release\updatechecker.obj
d:\fitd\build\vs2026-new\fitdlib\fitdlib.dir\release\anim2d.obj
d:\fitd\build\vs2026-new\fitdlib\fitdlib.dir\release\dustparticles.obj
d:\fitd\build\vs2026-new\fitdlib\fitdlib.dir\release\embedded_mask00_pak.obj
d:\fitd\build\vs2026-new\fitdlib\fitdlib.dir\release\embedded_mask07_pak.obj
d:\fitd\build\vs2026-new\fitdlib\fitdlib.dir\release\embedded_mask12_pak.obj
d:\fitd\build\vs2026-new\fitdlib\fitdlib.dir\release\embedded_nask11_pak.obj
d:\fitd\build\vs2026-new\fitdlib\fitdlib.dir\release\embedded_vere_pak.obj
d:\fitd\build\vs2026-new\fitdlib\fitdlib.dir\release\embedded_jack_listsamp_pak.obj
d:\fitd\build\vs2026-new\fitdlib\fitdlib.dir\release\gamedatacopy.obj
d:\fitd\build\vs2026-new\fitdlib\fitdlib.dir\release\hybrid.obj
d:\fitd\build\vs2026-new\fitdlib\fitdlib.dir\release\menufade.obj
d:\fitd\build\vs2026-new\fitdlib\fitdlib.dir\release\music.obj
d:\fitd\build\vs2026-new\fitdlib\fitdlib.dir\release\palette.obj
d:\fitd\build\vs2026-new\fitdlib\fitdlib.dir\release\steamoverlay.obj
d:\fitd\build\vs2026-new\fitdlib\fitdlib.dir\release\tatou.obj
d:\fitd\build\vs2026-new\fitdlib\fitdlib.dir\release\imgui_tables.obj
d:\fitd\build\vs2026-new\fitdlib\fitdlib.dir\release\animaction.cpp.obj
d:\fitd\fitdlib\shaders\generated\glsl\background_ps.sc.bin.h
d:\fitd\fitdlib\shaders\generated\essl\background_ps.sc.bin.h
d:\fitd\fitdlib\shaders\generated\spirv\background_ps.sc.bin.h
d:\fitd\fitdlib\shaders\generated\dx10\background_ps.sc.bin.h
d:\fitd\fitdlib\shaders\generated\dx11\background_ps.sc.bin.h
d:\fitd\fitdlib\shaders\generated\glsl\background_vs.sc.bin.h
d:\fitd\fitdlib\shaders\generated\essl\background_vs.sc.bin.h
d:\fitd\fitdlib\shaders\generated\spirv\background_vs.sc.bin.h
d:\fitd\fitdlib\shaders\generated\dx10\background_vs.sc.bin.h
d:\fitd\fitdlib\shaders\generated\dx11\background_vs.sc.bin.h
d:\fitd\fitdlib\shaders\generated\glsl\blur_ps.sc.bin.h
d:\fitd\fitdlib\shaders\generated\essl\blur_ps.sc.bin.h
d:\fitd\fitdlib\shaders\generated\spirv\blur_ps.sc.bin.h
d:\fitd\fitdlib\shaders\generated\dx10\blur_ps.sc.bin.h
d:\fitd\fitdlib\shaders\generated\dx11\blur_ps.sc.bin.h
d:\fitd\fitdlib\shaders\generated\glsl\brightpass_ps.sc.bin.h
d:\fitd\fitdlib\shaders\generated\essl\brightpass_ps.sc.bin.h
d:\fitd\fitdlib\shaders\generated\spirv\brightpass_ps.sc.bin.h
d:\fitd\fitdlib\shaders\generated\dx10\brightpass_ps.sc.bin.h
d:\fitd\fitdlib\shaders\generated\dx11\brightpass_ps.sc.bin.h
d:\fitd\fitdlib\shaders\generated\glsl\composite_ps.sc.bin.h
d:\fitd\fitdlib\shaders\generated\essl\composite_ps.sc.bin.h
d:\fitd\fitdlib\shaders\generated\spirv\composite_ps.sc.bin.h
d:\fitd\fitdlib\shaders\generated\dx10\composite_ps.sc.bin.h
d:\fitd\fitdlib\shaders\generated\dx11\composite_ps.sc.bin.h
d:\fitd\fitdlib\shaders\generated\glsl\flat_ps.sc.bin.h
d:\fitd\fitdlib\shaders\generated\essl\flat_ps.sc.bin.h
d:\fitd\fitdlib\shaders\generated\spirv\flat_ps.sc.bin.h
d:\fitd\fitdlib\shaders\generated\dx10\flat_ps.sc.bin.h
d:\fitd\fitdlib\shaders\generated\dx11\flat_ps.sc.bin.h
d:\fitd\fitdlib\shaders\generated\glsl\flat_vs.sc.bin.h
d:\fitd\fitdlib\shaders\generated\essl\flat_vs.sc.bin.h
d:\fitd\fitdlib\shaders\generated\spirv\flat_vs.sc.bin.h
d:\fitd\fitdlib\shaders\generated\dx10\flat_vs.sc.bin.h
d:\fitd\fitdlib\shaders\generated\dx11\flat_vs.sc.bin.h
d:\fitd\fitdlib\shaders\generated\glsl\hdbackground_ps.sc.bin.h
d:\fitd\fitdlib\shaders\generated\essl\hdbackground_ps.sc.bin.h
d:\fitd\fitdlib\shaders\generated\spirv\hdbackground_ps.sc.bin.h
d:\fitd\fitdlib\shaders\generated\dx10\hdbackground_ps.sc.bin.h
d:\fitd\fitdlib\shaders\generated\dx11\hdbackground_ps.sc.bin.h
d:\fitd\fitdlib\shaders\generated\glsl\lantern_bloom_ps.sc.bin.h
d:\fitd\fitdlib\shaders\generated\essl\lantern_bloom_ps.sc.bin.h
d:\fitd\fitdlib\shaders\generated\spirv\lantern_bloom_ps.sc.bin.h
d:\fitd\fitdlib\shaders\generated\dx10\lantern_bloom_ps.sc.bin.h
d:\fitd\fitdlib\shaders\generated\dx11\lantern_bloom_ps.sc.bin.h
d:\fitd\fitdlib\shaders\generated\glsl\lantern_bloom_vs.sc.bin.h
d:\fitd\fitdlib\shaders\generated\essl\lantern_bloom_vs.sc.bin.h
d:\fitd\fitdlib\shaders\generated\spirv\lantern_bloom_vs.sc.bin.h
d:\fitd\fitdlib\shaders\generated\dx10\lantern_bloom_vs.sc.bin.h
d:\fitd\fitdlib\shaders\generated\dx11\lantern_bloom_vs.sc.bin.h
d:\fitd\fitdlib\shaders\generated\glsl\lantern_shadow_ps.sc.bin.h
d:\fitd\fitdlib\shaders\generated\essl\lantern_shadow_ps.sc.bin.h
d:\fitd\fitdlib\shaders\generated\spirv\lantern_shadow_ps.sc.bin.h
d:\fitd\fitdlib\shaders\generated\dx10\lantern_shadow_ps.sc.bin.h
d:\fitd\fitdlib\shaders\generated\dx11\lantern_shadow_ps.sc.bin.h
d:\fitd\fitdlib\shaders\generated\glsl\lantern_shadow_vs.sc.bin.h
d:\fitd\fitdlib\shaders\generated\essl\lantern_shadow_vs.sc.bin.h
d:\fitd\fitdlib\shaders\generated\spirv\lantern_shadow_vs.sc.bin.h
d:\fitd\fitdlib\shaders\generated\dx10\lantern_shadow_vs.sc.bin.h
d:\fitd\fitdlib\shaders\generated\dx11\lantern_shadow_vs.sc.bin.h
d:\fitd\fitdlib\shaders\generated\glsl\maskbackground_ps.sc.bin.h
d:\fitd\fitdlib\shaders\generated\essl\maskbackground_ps.sc.bin.h
d:\fitd\fitdlib\shaders\generated\spirv\maskbackground_ps.sc.bin.h
d:\fitd\fitdlib\shaders\generated\dx10\maskbackground_ps.sc.bin.h
d:\fitd\fitdlib\shaders\generated\dx11\maskbackground_ps.sc.bin.h
d:\fitd\fitdlib\shaders\generated\glsl\maskbackground_vs.sc.bin.h
d:\fitd\fitdlib\shaders\generated\essl\maskbackground_vs.sc.bin.h
d:\fitd\fitdlib\shaders\generated\spirv\maskbackground_vs.sc.bin.h
d:\fitd\fitdlib\shaders\generated\dx10\maskbackground_vs.sc.bin.h
d:\fitd\fitdlib\shaders\generated\dx11\maskbackground_vs.sc.bin.h
d:\fitd\fitdlib\shaders\generated\glsl\maskhdbackground_ps.sc.bin.h
d:\fitd\fitdlib\shaders\generated\essl\maskhdbackground_ps.sc.bin.h
d:\fitd\fitdlib\shaders\generated\spirv\maskhdbackground_ps.sc.bin.h
d:\fitd\fitdlib\shaders\generated\dx10\maskhdbackground_ps.sc.bin.h
d:\fitd\fitdlib\shaders\generated\dx11\maskhdbackground_ps.sc.bin.h
d:\fitd\fitdlib\shaders\generated\glsl\noise_ps.sc.bin.h
d:\fitd\fitdlib\shaders\generated\essl\noise_ps.sc.bin.h
d:\fitd\fitdlib\shaders\generated\spirv\noise_ps.sc.bin.h
d:\fitd\fitdlib\shaders\generated\dx10\noise_ps.sc.bin.h
d:\fitd\fitdlib\shaders\generated\dx11\noise_ps.sc.bin.h
d:\fitd\fitdlib\shaders\generated\glsl\noise_vs.sc.bin.h
d:\fitd\fitdlib\shaders\generated\essl\noise_vs.sc.bin.h
d:\fitd\fitdlib\shaders\generated\spirv\noise_vs.sc.bin.h
d:\fitd\fitdlib\shaders\generated\dx10\noise_vs.sc.bin.h
d:\fitd\fitdlib\shaders\generated\dx11\noise_vs.sc.bin.h
d:\fitd\fitdlib\shaders\generated\glsl\particle_ps.sc.bin.h
d:\fitd\fitdlib\shaders\generated\essl\particle_ps.sc.bin.h
d:\fitd\fitdlib\shaders\generated\spirv\particle_ps.sc.bin.h
d:\fitd\fitdlib\shaders\generated\dx10\particle_ps.sc.bin.h
d:\fitd\fitdlib\shaders\generated\dx11\particle_ps.sc.bin.h
d:\fitd\fitdlib\shaders\generated\glsl\particle_vs.sc.bin.h
d:\fitd\fitdlib\shaders\generated\essl\particle_vs.sc.bin.h
d:\fitd\fitdlib\shaders\generated\spirv\particle_vs.sc.bin.h
d:\fitd\fitdlib\shaders\generated\dx10\particle_vs.sc.bin.h
d:\fitd\fitdlib\shaders\generated\dx11\particle_vs.sc.bin.h
d:\fitd\fitdlib\shaders\generated\glsl\postprocess_vs.sc.bin.h
d:\fitd\fitdlib\shaders\generated\essl\postprocess_vs.sc.bin.h
d:\fitd\fitdlib\shaders\generated\spirv\postprocess_vs.sc.bin.h
d:\fitd\fitdlib\shaders\generated\dx10\postprocess_vs.sc.bin.h
d:\fitd\fitdlib\shaders\generated\dx11\postprocess_vs.sc.bin.h
d:\fitd\fitdlib\shaders\generated\glsl\ramp_ps.sc.bin.h
d:\fitd\fitdlib\shaders\generated\essl\ramp_ps.sc.bin.h
d:\fitd\fitdlib\shaders\generated\spirv\ramp_ps.sc.bin.h
d:\fitd\fitdlib\shaders\generated\dx10\ramp_ps.sc.bin.h
d:\fitd\fitdlib\shaders\generated\dx11\ramp_ps.sc.bin.h
d:\fitd\fitdlib\shaders\generated\glsl\ramp_vs.sc.bin.h
d:\fitd\fitdlib\shaders\generated\essl\ramp_vs.sc.bin.h
d:\fitd\fitdlib\shaders\generated\spirv\ramp_vs.sc.bin.h
d:\fitd\fitdlib\shaders\generated\dx10\ramp_vs.sc.bin.h
d:\fitd\fitdlib\shaders\generated\dx11\ramp_vs.sc.bin.h
d:\fitd\fitdlib\shaders\generated\glsl\sphere_ps.sc.bin.h
d:\fitd\fitdlib\shaders\generated\essl\sphere_ps.sc.bin.h
d:\fitd\fitdlib\shaders\generated\spirv\sphere_ps.sc.bin.h
d:\fitd\fitdlib\shaders\generated\dx10\sphere_ps.sc.bin.h
d:\fitd\fitdlib\shaders\generated\dx11\sphere_ps.sc.bin.h
d:\fitd\fitdlib\shaders\generated\glsl\sphere_vs.sc.bin.h
d:\fitd\fitdlib\shaders\generated\essl\sphere_vs.sc.bin.h
d:\fitd\fitdlib\shaders\generated\spirv\sphere_vs.sc.bin.h
d:\fitd\fitdlib\shaders\generated\dx10\sphere_vs.sc.bin.h
d:\fitd\fitdlib\shaders\generated\dx11\sphere_vs.sc.bin.h
d:\fitd\fitdlib\shaders\generated\glsl\ssao_blur_ps.sc.bin.h
d:\fitd\fitdlib\shaders\generated\essl\ssao_blur_ps.sc.bin.h
d:\fitd\fitdlib\shaders\generated\spirv\ssao_blur_ps.sc.bin.h
d:\fitd\fitdlib\shaders\generated\dx10\ssao_blur_ps.sc.bin.h
d:\fitd\fitdlib\shaders\generated\dx11\ssao_blur_ps.sc.bin.h
d:\fitd\fitdlib\shaders\generated\glsl\ssao_ps.sc.bin.h
d:\fitd\fitdlib\shaders\generated\essl\ssao_ps.sc.bin.h
d:\fitd\fitdlib\shaders\generated\spirv\ssao_ps.sc.bin.h
d:\fitd\fitdlib\shaders\generated\dx10\ssao_ps.sc.bin.h
d:\fitd\fitdlib\shaders\generated\dx11\ssao_ps.sc.bin.h
d:\fitd\fitdlib\shaders\generated\glsl\ssgi_blur_ps.sc.bin.h
d:\fitd\fitdlib\shaders\generated\essl\ssgi_blur_ps.sc.bin.h
d:\fitd\fitdlib\shaders\generated\spirv\ssgi_blur_ps.sc.bin.h
d:\fitd\fitdlib\shaders\generated\dx10\ssgi_blur_ps.sc.bin.h
d:\fitd\fitdlib\shaders\generated\dx11\ssgi_blur_ps.sc.bin.h
d:\fitd\fitdlib\shaders\generated\glsl\ssgi_ps.sc.bin.h
d:\fitd\fitdlib\shaders\generated\essl\ssgi_ps.sc.bin.h
d:\fitd\fitdlib\shaders\generated\spirv\ssgi_ps.sc.bin.h
d:\fitd\fitdlib\shaders\generated\dx10\ssgi_ps.sc.bin.h
d:\fitd\fitdlib\shaders\generated\dx11\ssgi_ps.sc.bin.h
d:\fitd\fitdlib\shaders\generated\glsl\textured_ps.sc.bin.h
d:\fitd\fitdlib\shaders\generated\essl\textured_ps.sc.bin.h
d:\fitd\fitdlib\shaders\generated\spirv\textured_ps.sc.bin.h
d:\fitd\fitdlib\shaders\generated\dx10\textured_ps.sc.bin.h
d:\fitd\fitdlib\shaders\generated\dx11\textured_ps.sc.bin.h
d:\fitd\fitdlib\shaders\generated\glsl\ui_ps.sc.bin.h
d:\fitd\fitdlib\shaders\generated\essl\ui_ps.sc.bin.h
d:\fitd\fitdlib\shaders\generated\spirv\ui_ps.sc.bin.h
d:\fitd\fitdlib\shaders\generated\dx10\ui_ps.sc.bin.h
d:\fitd\fitdlib\shaders\generated\dx11\ui_ps.sc.bin.h
d:\fitd\fitdlib\shaders\generated\glsl\ui_vs.sc.bin.h
d:\fitd\fitdlib\shaders\generated\essl\ui_vs.sc.bin.h
d:\fitd\fitdlib\shaders\generated\spirv\ui_vs.sc.bin.h
d:\fitd\fitdlib\shaders\generated\dx10\ui_vs.sc.bin.h
d:\fitd\fitdlib\shaders\generated\dx11\ui_vs.sc.bin.h
d:\fitd\build\vs2026-new\fitdlib\cmakefiles\generate.stamp
d:\fitd\build\vs2026-new\fitdlib\release\fitdlib.lib
d:\fitd\build\vs2026-new\fitdlib\fitdlib.dir\release\fitdlib.tlog\cl.command.1.tlog
d:\fitd\build\vs2026-new\fitdlib\fitdlib.dir\release\fitdlib.tlog\cl.items.tlog
d:\fitd\build\vs2026-new\fitdlib\fitdlib.dir\release\fitdlib.tlog\cl.read.1.tlog
d:\fitd\build\vs2026-new\fitdlib\fitdlib.dir\release\fitdlib.tlog\cl.write.1.tlog
d:\fitd\build\vs2026-new\fitdlib\fitdlib.dir\release\fitdlib.tlog\custombuild.command.1.tlog
d:\fitd\build\vs2026-new\fitdlib\fitdlib.dir\release\fitdlib.tlog\custombuild.read.1.tlog
d:\fitd\build\vs2026-new\fitdlib\fitdlib.dir\release\fitdlib.tlog\custombuild.write.1.tlog
d:\fitd\build\vs2026-new\fitdlib\fitdlib.dir\release\fitdlib.tlog\lib-link.read.1.tlog
d:\fitd\build\vs2026-new\fitdlib\fitdlib.dir\release\fitdlib.tlog\lib-link.write.1.tlog
d:\fitd\build\vs2026-new\fitdlib\fitdlib.dir\release\fitdlib.tlog\lib.command.1.tlog
