  Building Custom Rule D:/FITD/ThirdParty/bgfx.cmake/cmake/bimg/CMakeLists.txt
  edtaa3func.cpp
  etc1.cpp
  ProcessRGB.cpp
  Tables.cpp
  alpha.cpp
  clusterfit.cpp
  colourblock.cpp
  colourfit.cpp
  colourset.cpp
  maths.cpp
  rangefit.cpp
  singlecolourfit.cpp
  squish.cpp
  zoh.cpp
  zoh_utils.cpp
  zohone.cpp
  zohtwo.cpp
D:\FITD\ThirdParty\bgfx.cmake\bimg\3rdparty\etc2\Math.hpp(63,45): warning C4244: 'return': conversion from 'double' to 'float', possible loss of data
  (compiling source file '../../../../../../ThirdParty/bgfx.cmake/bimg/3rdparty/etc2/ProcessRGB.cpp')
  
  avpcl.cpp
  avpcl_mode0.cpp
  avpcl_mode1.cpp
  avpcl_mode2.cpp
  avpcl_mode3.cpp
  avpcl_mode4.cpp
  avpcl_mode5.cpp
  avpcl_mode6.cpp
  avpcl_mode7.cpp
  avpcl_utils.cpp
  fitting.cpp
  nvtt.cpp
  BitScale.cpp
  MortonTable.cpp
  PvrTcDecoder.cpp
  PvrTcEncoder.cpp
  PvrTcPacket.cpp
  image_cubemap_filter.cpp
  image_encode.cpp
  convolve.c
  decimate.c
  math_utils.c
  ms_ssim.c
  mse.c
  psnr.c
  ssim.c
  bimg_encode.vcxproj -> D:\FITD\build\vs2026-new\ThirdParty\bgfx.cmake\cmake\bimg\Release\bimg_encode.lib
