FitdLib.lib(embeddedJackData.obj) : error LNK2005: "unsigned char const * const embdata_CAMERA00_PAK" (?embdata_CAMERA00_PAK@@3QBEB) already defined in FitdLib.lib(embeddedData.obj)
FitdLib.lib(embeddedJackData.obj) : error LNK2005: "unsigned __int64 const embdata_CAMERA00_PAK_size" (?embdata_CAMERA00_PAK_size@@3_KB) already defined in FitdLib.lib(embeddedData.obj)
FitdLib.lib(embeddedJackData.obj) : error LNK2005: "unsigned char const * const embdata_CAMERA01_PAK" (?embdata_CAMERA01_PAK@@3QBEB) already defined in FitdLib.lib(embeddedData.obj)
FitdLib.lib(embeddedJackData.obj) : error LNK2005: "unsigned __int64 const embdata_CAMERA01_PAK_size" (?embdata_CAMERA01_PAK_size@@3_KB) already defined in FitdLib.lib(embeddedData.obj)
FitdLib.lib(embeddedJackData.obj) : error LNK2005: "unsigned char const * const embdata_CAMERA02_PAK" (?embdata_CAMERA02_PAK@@3QBEB) already defined in FitdLib.lib(embeddedData.obj)
FitdLib.lib(embeddedJackData.obj) : error LNK2005: "unsigned __int64 const embdata_CAMERA02_PAK_size" (?embdata_CAMERA02_PAK_size@@3_KB) already defined in FitdLib.lib(embeddedData.obj)
FitdLib.lib(embeddedJackData.obj) : error LNK2005: "unsigned char const * const embdata_CAMERA03_PAK" (?embdata_CAMERA03_PAK@@3QBEB) already defined in FitdLib.lib(embeddedData.obj)
FitdLib.lib(embeddedJackData.obj) : error LNK2005: "unsigned __int64 const embdata_CAMERA03_PAK_size" (?embdata_CAMERA03_PAK_size@@3_KB) already defined in FitdLib.lib(embeddedData.obj)
FitdLib.lib(embeddedJackData.obj) : error LNK2005: "unsigned char const * const embdata_CAMERA04_PAK" (?embdata_CAMERA04_PAK@@3QBEB) already defined in FitdLib.lib(embeddedData.obj)
FitdLib.lib(embeddedJackData.obj) : error LNK2005: "unsigned __int64 const embdata_CAMERA04_PAK_size" (?embdata_CAMERA04_PAK_size@@3_KB) already defined in FitdLib.lib(embeddedData.obj)
FitdLib.lib(embeddedJackData.obj) : error LNK2005: "unsigned char const * const embdata_CAMERA05_PAK" (?embdata_CAMERA05_PAK@@3QBEB) already defined in FitdLib.lib(embeddedData.obj)
FitdLib.lib(embeddedJackData.obj) : error LNK2005: "unsigned __int64 const embdata_CAMERA05_PAK_size" (?embdata_CAMERA05_PAK_size@@3_KB) already defined in FitdLib.lib(embeddedData.obj)
FitdLib.lib(embeddedJackData.obj) : error LNK2005: "unsigned char const * const embdata_CAMERA06_PAK" (?embdata_CAMERA06_PAK@@3QBEB) already defined in FitdLib.lib(embeddedData.obj)
FitdLib.lib(embeddedJackData.obj) : error LNK2005: "unsigned __int64 const embdata_CAMERA06_PAK_size" (?embdata_CAMERA06_PAK_size@@3_KB) already defined in FitdLib.lib(embeddedData.obj)
FitdLib.lib(embeddedJackData.obj) : error LNK2005: "unsigned char const * const embdata_CAMERA07_PAK" (?embdata_CAMERA07_PAK@@3QBEB) already defined in FitdLib.lib(embeddedData.obj)
FitdLib.lib(embeddedJackData.obj) : error LNK2005: "unsigned __int64 const embdata_CAMERA07_PAK_size" (?embdata_CAMERA07_PAK_size@@3_KB) already defined in FitdLib.lib(embeddedData.obj)
FitdLib.lib(embeddedJackData.obj) : error LNK2005: "unsigned char const * const embdata_DEUTSCH_PAK" (?embdata_DEUTSCH_PAK@@3QBEB) already defined in FitdLib.lib(embeddedData.obj)
FitdLib.lib(embeddedJackData.obj) : error LNK2005: "unsigned __int64 const embdata_DEUTSCH_PAK_size" (?embdata_DEUTSCH_PAK_size@@3_KB) already defined in FitdLib.lib(embeddedData.obj)
FitdLib.lib(embeddedJackData.obj) : error LNK2005: "unsigned char const * const embdata_ENDSEQ_PAK" (?embdata_ENDSEQ_PAK@@3QBEB) already defined in FitdLib.lib(embeddedData.obj)
FitdLib.lib(embeddedJackData.obj) : error LNK2005: "unsigned __int64 const embdata_ENDSEQ_PAK_size" (?embdata_ENDSEQ_PAK_size@@3_KB) already defined in FitdLib.lib(embeddedData.obj)
FitdLib.lib(embeddedJackData.obj) : error LNK2005: "unsigned char const * const embdata_ENGLISH_PAK" (?embdata_ENGLISH_PAK@@3QBEB) already defined in FitdLib.lib(embeddedData.obj)
FitdLib.lib(embeddedJackData.obj) : error LNK2005: "unsigned __int64 const embdata_ENGLISH_PAK_size" (?embdata_ENGLISH_PAK_size@@3_KB) already defined in FitdLib.lib(embeddedData.obj)
FitdLib.lib(embeddedJackData.obj) : error LNK2005: "unsigned char const * const embdata_ESPAGNOL_PAK" (?embdata_ESPAGNOL_PAK@@3QBEB) already defined in FitdLib.lib(embeddedData.obj)
FitdLib.lib(embeddedJackData.obj) : error LNK2005: "unsigned __int64 const embdata_ESPAGNOL_PAK_size" (?embdata_ESPAGNOL_PAK_size@@3_KB) already defined in FitdLib.lib(embeddedData.obj)
FitdLib.lib(embeddedJackData.obj) : error LNK2005: "unsigned char const * const embdata_ETAGE00_PAK" (?embdata_ETAGE00_PAK@@3QBEB) already defined in FitdLib.lib(embeddedData.obj)
FitdLib.lib(embeddedJackData.obj) : error LNK2005: "unsigned __int64 const embdata_ETAGE00_PAK_size" (?embdata_ETAGE00_PAK_size@@3_KB) already defined in FitdLib.lib(embeddedData.obj)
FitdLib.lib(embeddedJackData.obj) : error LNK2005: "unsigned char const * const embdata_ETAGE01_PAK" (?embdata_ETAGE01_PAK@@3QBEB) already defined in FitdLib.lib(embeddedData.obj)
FitdLib.lib(embeddedJackData.obj) : error LNK2005: "unsigned __int64 const embdata_ETAGE01_PAK_size" (?embdata_ETAGE01_PAK_size@@3_KB) already defined in FitdLib.lib(embeddedData.obj)
FitdLib.lib(embeddedJackData.obj) : error LNK2005: "unsigned char const * const embdata_ETAGE02_PAK" (?embdata_ETAGE02_PAK@@3QBEB) already defined in FitdLib.lib(embeddedData.obj)
FitdLib.lib(embeddedJackData.obj) : error LNK2005: "unsigned __int64 const embdata_ETAGE02_PAK_size" (?embdata_ETAGE02_PAK_size@@3_KB) already defined in FitdLib.lib(embeddedData.obj)
FitdLib.lib(embeddedJackData.obj) : error LNK2005: "unsigned char const * const embdata_ETAGE03_PAK" (?embdata_ETAGE03_PAK@@3QBEB) already defined in FitdLib.lib(embeddedData.obj)
FitdLib.lib(embeddedJackData.obj) : error LNK2005: "unsigned __int64 const embdata_ETAGE03_PAK_size" (?embdata_ETAGE03_PAK_size@@3_KB) already defined in FitdLib.lib(embeddedData.obj)
FitdLib.lib(embeddedJackData.obj) : error LNK2005: "unsigned char const * const embdata_ETAGE04_PAK" (?embdata_ETAGE04_PAK@@3QBEB) already defined in FitdLib.lib(embeddedData.obj)
FitdLib.lib(embeddedJackData.obj) : error LNK2005: "unsigned __int64 const embdata_ETAGE04_PAK_size" (?embdata_ETAGE04_PAK_size@@3_KB) already defined in FitdLib.lib(embeddedData.obj)
FitdLib.lib(embeddedJackData.obj) : error LNK2005: "unsigned char const * const embdata_ETAGE05_PAK" (?embdata_ETAGE05_PAK@@3QBEB) already defined in FitdLib.lib(embeddedData.obj)
FitdLib.lib(embeddedJackData.obj) : error LNK2005: "unsigned __int64 const embdata_ETAGE05_PAK_size" (?embdata_ETAGE05_PAK_size@@3_KB) already defined in FitdLib.lib(embeddedData.obj)
FitdLib.lib(embeddedJackData.obj) : error LNK2005: "unsigned char const * const embdata_ETAGE06_PAK" (?embdata_ETAGE06_PAK@@3QBEB) already defined in FitdLib.lib(embeddedData.obj)
FitdLib.lib(embeddedJackData.obj) : error LNK2005: "unsigned __int64 const embdata_ETAGE06_PAK_size" (?embdata_ETAGE06_PAK_size@@3_KB) already defined in FitdLib.lib(embeddedData.obj)
FitdLib.lib(embeddedJackData.obj) : error LNK2005: "unsigned char const * const embdata_ETAGE07_PAK" (?embdata_ETAGE07_PAK@@3QBEB) already defined in FitdLib.lib(embeddedData.obj)
FitdLib.lib(embeddedJackData.obj) : error LNK2005: "unsigned __int64 const embdata_ETAGE07_PAK_size" (?embdata_ETAGE07_PAK_size@@3_KB) already defined in FitdLib.lib(embeddedData.obj)
FitdLib.lib(embeddedJackData.obj) : error LNK2005: "unsigned char const * const embdata_FRANCAIS_PAK" (?embdata_FRANCAIS_PAK@@3QBEB) already defined in FitdLib.lib(embeddedData.obj)
FitdLib.lib(embeddedJackData.obj) : error LNK2005: "unsigned __int64 const embdata_FRANCAIS_PAK_size" (?embdata_FRANCAIS_PAK_size@@3_KB) already defined in FitdLib.lib(embeddedData.obj)
FitdLib.lib(embeddedJackData.obj) : error LNK2005: "unsigned char const * const embdata_ITALIANO_PAK" (?embdata_ITALIANO_PAK@@3QBEB) already defined in FitdLib.lib(embeddedData.obj)
FitdLib.lib(embeddedJackData.obj) : error LNK2005: "unsigned __int64 const embdata_ITALIANO_PAK_size" (?embdata_ITALIANO_PAK_size@@3_KB) already defined in FitdLib.lib(embeddedData.obj)
FitdLib.lib(embeddedJackData.obj) : error LNK2005: "unsigned char const * const embdata_ITD_RESS_PAK" (?embdata_ITD_RESS_PAK@@3QBEB) already defined in FitdLib.lib(embeddedData.obj)
FitdLib.lib(embeddedJackData.obj) : error LNK2005: "unsigned __int64 const embdata_ITD_RESS_PAK_size" (?embdata_ITD_RESS_PAK_size@@3_KB) already defined in FitdLib.lib(embeddedData.obj)
FitdLib.lib(embeddedJackData.obj) : error LNK2005: "unsigned char const * const embdata_LISTANI2_PAK" (?embdata_LISTANI2_PAK@@3QBEB) already defined in FitdLib.lib(embeddedData.obj)
FitdLib.lib(embeddedJackData.obj) : error LNK2005: "unsigned __int64 const embdata_LISTANI2_PAK_size" (?embdata_LISTANI2_PAK_size@@3_KB) already defined in FitdLib.lib(embeddedData.obj)
FitdLib.lib(embeddedJackData.obj) : error LNK2005: "unsigned char const * const embdata_LISTANIM_PAK" (?embdata_LISTANIM_PAK@@3QBEB) already defined in FitdLib.lib(embeddedData.obj)
FitdLib.lib(embeddedJackData.obj) : error LNK2005: "unsigned __int64 const embdata_LISTANIM_PAK_size" (?embdata_LISTANIM_PAK_size@@3_KB) already defined in FitdLib.lib(embeddedData.obj)
FitdLib.lib(embeddedJackData.obj) : error LNK2005: "unsigned char const * const embdata_LISTBOD2_PAK" (?embdata_LISTBOD2_PAK@@3QBEB) already defined in FitdLib.lib(embeddedData.obj)
FitdLib.lib(embeddedJackData.obj) : error LNK2005: "unsigned __int64 const embdata_LISTBOD2_PAK_size" (?embdata_LISTBOD2_PAK_size@@3_KB) already defined in FitdLib.lib(embeddedData.obj)
FitdLib.lib(embeddedJackData.obj) : error LNK2005: "unsigned char const * const embdata_LISTBODY_PAK" (?embdata_LISTBODY_PAK@@3QBEB) already defined in FitdLib.lib(embeddedData.obj)
FitdLib.lib(embeddedJackData.obj) : error LNK2005: "unsigned __int64 const embdata_LISTBODY_PAK_size" (?embdata_LISTBODY_PAK_size@@3_KB) already defined in FitdLib.lib(embeddedData.obj)
FitdLib.lib(embeddedJackData.obj) : error LNK2005: "unsigned char const * const embdata_LISTLIFE_PAK" (?embdata_LISTLIFE_PAK@@3QBEB) already defined in FitdLib.lib(embeddedData.obj)
FitdLib.lib(embeddedJackData.obj) : error LNK2005: "unsigned __int64 const embdata_LISTLIFE_PAK_size" (?embdata_LISTLIFE_PAK_size@@3_KB) already defined in FitdLib.lib(embeddedData.obj)
FitdLib.lib(embeddedJackData.obj) : error LNK2005: "unsigned char const * const embdata_LISTMUS_PAK" (?embdata_LISTMUS_PAK@@3QBEB) already defined in FitdLib.lib(embeddedData.obj)
FitdLib.lib(embeddedJackData.obj) : error LNK2005: "unsigned __int64 const embdata_LISTMUS_PAK_size" (?embdata_LISTMUS_PAK_size@@3_KB) already defined in FitdLib.lib(embeddedData.obj)
FitdLib.lib(embeddedJackData.obj) : error LNK2005: "unsigned char const * const embdata_LISTSAMP_PAK" (?embdata_LISTSAMP_PAK@@3QBEB) already defined in FitdLib.lib(embeddedData.obj)
FitdLib.lib(embeddedJackData.obj) : error LNK2005: "unsigned __int64 const embdata_LISTSAMP_PAK_size" (?embdata_LISTSAMP_PAK_size@@3_KB) already defined in FitdLib.lib(embeddedData.obj)
FitdLib.lib(embeddedJackData.obj) : error LNK2005: "unsigned char const * const embdata_LISTTRAK_PAK" (?embdata_LISTTRAK_PAK@@3QBEB) already defined in FitdLib.lib(embeddedData.obj)
FitdLib.lib(embeddedJackData.obj) : error LNK2005: "unsigned __int64 const embdata_LISTTRAK_PAK_size" (?embdata_LISTTRAK_PAK_size@@3_KB) already defined in FitdLib.lib(embeddedData.obj)
FitdLib.lib(embeddedJackData.obj) : error LNK2005: "unsigned char const * const embdata_PRESENT_PAK" (?embdata_PRESENT_PAK@@3QBEB) already defined in FitdLib.lib(embeddedData.obj)
FitdLib.lib(embeddedJackData.obj) : error LNK2005: "unsigned __int64 const embdata_PRESENT_PAK_size" (?embdata_PRESENT_PAK_size@@3_KB) already defined in FitdLib.lib(embeddedData.obj)
FitdLib.lib(embeddedJackData.obj) : error LNK2005: "unsigned char const * const embdata_USA_PAK" (?embdata_USA_PAK@@3QBEB) already defined in FitdLib.lib(embeddedData.obj)
FitdLib.lib(embeddedJackData.obj) : error LNK2005: "unsigned __int64 const embdata_USA_PAK_size" (?embdata_USA_PAK_size@@3_KB) already defined in FitdLib.lib(embeddedData.obj)
FitdLib.lib(embeddedJackData.obj) : error LNK2005: "unsigned char const * const embdata_DEFINES_ITD" (?embdata_DEFINES_ITD@@3QBEB) already defined in FitdLib.lib(embeddedData.obj)
FitdLib.lib(embeddedJackData.obj) : error LNK2005: "unsigned __int64 const embdata_DEFINES_ITD_size" (?embdata_DEFINES_ITD_size@@3_KB) already defined in FitdLib.lib(embeddedData.obj)
FitdLib.lib(embeddedJackData.obj) : error LNK2005: "unsigned char const * const embdata_OBJETS_ITD" (?embdata_OBJETS_ITD@@3QBEB) already defined in FitdLib.lib(embeddedData.obj)
FitdLib.lib(embeddedJackData.obj) : error LNK2005: "unsigned __int64 const embdata_OBJETS_ITD_size" (?embdata_OBJETS_ITD_size@@3_KB) already defined in FitdLib.lib(embeddedData.obj)
FitdLib.lib(embeddedJackData.obj) : error LNK2005: "unsigned char const * const embdata_PRIORITY_ITD" (?embdata_PRIORITY_ITD@@3QBEB) already defined in FitdLib.lib(embeddedData.obj)
FitdLib.lib(embeddedJackData.obj) : error LNK2005: "unsigned __int64 const embdata_PRIORITY_ITD_size" (?embdata_PRIORITY_ITD_size@@3_KB) already defined in FitdLib.lib(embeddedData.obj)
FitdLib.lib(embeddedJackData.obj) : error LNK2005: "unsigned char const * const embdata_VARS_ITD" (?embdata_VARS_ITD@@3QBEB) already defined in FitdLib.lib(embeddedData.obj)
FitdLib.lib(embeddedJackData.obj) : error LNK2005: "unsigned __int64 const embdata_VARS_ITD_size" (?embdata_VARS_ITD_size@@3_KB) already defined in FitdLib.lib(embeddedData.obj)
FitdLib.lib(embeddedJackData.obj) : error LNK2005: "unsigned char const * const embdata_ControllerHint_png" (?embdata_ControllerHint_png@@3QBEB) already defined in FitdLib.lib(embeddedData.obj)
FitdLib.lib(embeddedJackData.obj) : error LNK2005: "unsigned __int64 const embdata_ControllerHint_png_size" (?embdata_ControllerHint_png_size@@3_KB) already defined in FitdLib.lib(embeddedData.obj)
FitdLib.lib(embeddedJackData.obj) : error LNK2005: "unsigned char const * const embdata_jack_ANIM16_PAK" (?embdata_jack_ANIM16_PAK@@3QBEB) already defined in FitdLib.lib(embeddedData.obj)
FitdLib.lib(embeddedJackData.obj) : error LNK2005: "unsigned __int64 const embdata_jack_ANIM16_PAK_size" (?embdata_jack_ANIM16_PAK_size@@3_KB) already defined in FitdLib.lib(embeddedData.obj)
FitdLib.lib(embeddedJackData.obj) : error LNK2005: "unsigned char const * const embdata_jack_CAMERA16_PAK" (?embdata_jack_CAMERA16_PAK@@3QBEB) already defined in FitdLib.lib(embeddedData.obj)
FitdLib.lib(embeddedJackData.obj) : error LNK2005: "unsigned __int64 const embdata_jack_CAMERA16_PAK_size" (?embdata_jack_CAMERA16_PAK_size@@3_KB) already defined in FitdLib.lib(embeddedData.obj)
FitdLib.lib(embeddedJackData.obj) : error LNK2005: "unsigned char const * const embdata_jack_DEUTSCH_PAK" (?embdata_jack_DEUTSCH_PAK@@3QBEB) already defined in FitdLib.lib(embeddedData.obj)
FitdLib.lib(embeddedJackData.obj) : error LNK2005: "unsigned __int64 const embdata_jack_DEUTSCH_PAK_size" (?embdata_jack_DEUTSCH_PAK_size@@3_KB) already defined in FitdLib.lib(embeddedData.obj)
FitdLib.lib(embeddedJackData.obj) : error LNK2005: "unsigned char const * const embdata_jack_ENGLISH_PAK" (?embdata_jack_ENGLISH_PAK@@3QBEB) already defined in FitdLib.lib(embeddedData.obj)
FitdLib.lib(embeddedJackData.obj) : error LNK2005: "unsigned __int64 const embdata_jack_ENGLISH_PAK_size" (?embdata_jack_ENGLISH_PAK_size@@3_KB) already defined in FitdLib.lib(embeddedData.obj)
FitdLib.lib(embeddedJackData.obj) : error LNK2005: "unsigned char const * const embdata_jack_ESPAGNOL_PAK" (?embdata_jack_ESPAGNOL_PAK@@3QBEB) already defined in FitdLib.lib(embeddedData.obj)
FitdLib.lib(embeddedJackData.obj) : error LNK2005: "unsigned __int64 const embdata_jack_ESPAGNOL_PAK_size" (?embdata_jack_ESPAGNOL_PAK_size@@3_KB) already defined in FitdLib.lib(embeddedData.obj)
FitdLib.lib(embeddedJackData.obj) : error LNK2005: "unsigned char const * const embdata_jack_ETAGE16_PAK" (?embdata_jack_ETAGE16_PAK@@3QBEB) already defined in FitdLib.lib(embeddedData.obj)
FitdLib.lib(embeddedJackData.obj) : error LNK2005: "unsigned __int64 const embdata_jack_ETAGE16_PAK_size" (?embdata_jack_ETAGE16_PAK_size@@3_KB) already defined in FitdLib.lib(embeddedData.obj)
FitdLib.lib(embeddedJackData.obj) : error LNK2005: "unsigned char const * const embdata_jack_FRANCAIS_PAK" (?embdata_jack_FRANCAIS_PAK@@3QBEB) already defined in FitdLib.lib(embeddedData.obj)
FitdLib.lib(embeddedJackData.obj) : error LNK2005: "unsigned __int64 const embdata_jack_FRANCAIS_PAK_size" (?embdata_jack_FRANCAIS_PAK_size@@3_KB) already defined in FitdLib.lib(embeddedData.obj)
FitdLib.lib(embeddedJackData.obj) : error LNK2005: "unsigned char const * const embdata_jack_ITALIANO_PAK" (?embdata_jack_ITALIANO_PAK@@3QBEB) already defined in FitdLib.lib(embeddedData.obj)
FitdLib.lib(embeddedJackData.obj) : error LNK2005: "unsigned __int64 const embdata_jack_ITALIANO_PAK_size" (?embdata_jack_ITALIANO_PAK_size@@3_KB) already defined in FitdLib.lib(embeddedData.obj)
FitdLib.lib(embeddedJackData.obj) : error LNK2005: "unsigned char const * const embdata_jack_ITD_RESS_PAK" (?embdata_jack_ITD_RESS_PAK@@3QBEB) already defined in FitdLib.lib(embeddedData.obj)
FitdLib.lib(embeddedJackData.obj) : error LNK2005: "unsigned __int64 const embdata_jack_ITD_RESS_PAK_size" (?embdata_jack_ITD_RESS_PAK_size@@3_KB) already defined in FitdLib.lib(embeddedData.obj)
FitdLib.lib(embeddedJackData.obj) : error LNK2005: "unsigned char const * const embdata_jack_LISTANIM_PAK" (?embdata_jack_LISTANIM_PAK@@3QBEB) already defined in FitdLib.lib(embeddedData.obj)
FitdLib.lib(embeddedJackData.obj) : error LNK2005: "unsigned __int64 const embdata_jack_LISTANIM_PAK_size" (?embdata_jack_LISTANIM_PAK_size@@3_KB) already defined in FitdLib.lib(embeddedData.obj)
FitdLib.lib(embeddedJackData.obj) : error LNK2005: "unsigned char const * const embdata_jack_LISTBODY_PAK" (?embdata_jack_LISTBODY_PAK@@3QBEB) already defined in FitdLib.lib(embeddedData.obj)
FitdLib.lib(embeddedJackData.obj) : error LNK2005: "unsigned __int64 const embdata_jack_LISTBODY_PAK_size" (?embdata_jack_LISTBODY_PAK_size@@3_KB) already defined in FitdLib.lib(embeddedData.obj)
FitdLib.lib(embeddedJackData.obj) : error LNK2005: "unsigned char const * const embdata_jack_LISTHYB_PAK" (?embdata_jack_LISTHYB_PAK@@3QBEB) already defined in FitdLib.lib(embeddedData.obj)
FitdLib.lib(embeddedJackData.obj) : error LNK2005: "unsigned __int64 const embdata_jack_LISTHYB_PAK_size" (?embdata_jack_LISTHYB_PAK_size@@3_KB) already defined in FitdLib.lib(embeddedData.obj)
FitdLib.lib(embeddedJackData.obj) : error LNK2005: "unsigned char const * const embdata_jack_LISTLIFE_PAK" (?embdata_jack_LISTLIFE_PAK@@3QBEB) already defined in FitdLib.lib(embeddedData.obj)
FitdLib.lib(embeddedJackData.obj) : error LNK2005: "unsigned __int64 const embdata_jack_LISTLIFE_PAK_size" (?embdata_jack_LISTLIFE_PAK_size@@3_KB) already defined in FitdLib.lib(embeddedData.obj)
FitdLib.lib(embeddedJackData.obj) : error LNK2005: "unsigned char const * const embdata_jack_LISTMAT_PAK" (?embdata_jack_LISTMAT_PAK@@3QBEB) already defined in FitdLib.lib(embeddedData.obj)
FitdLib.lib(embeddedJackData.obj) : error LNK2005: "unsigned __int64 const embdata_jack_LISTMAT_PAK_size" (?embdata_jack_LISTMAT_PAK_size@@3_KB) already defined in FitdLib.lib(embeddedData.obj)
FitdLib.lib(embeddedJackData.obj) : error LNK2005: "unsigned char const * const embdata_jack_LISTMUS_PAK" (?embdata_jack_LISTMUS_PAK@@3QBEB) already defined in FitdLib.lib(embeddedData.obj)
FitdLib.lib(embeddedJackData.obj) : error LNK2005: "unsigned __int64 const embdata_jack_LISTMUS_PAK_size" (?embdata_jack_LISTMUS_PAK_size@@3_KB) already defined in FitdLib.lib(embeddedData.obj)
FitdLib.lib(embeddedJackData.obj) : error LNK2005: "unsigned char const * const embdata_jack_LISTSAMP_PAK" (?embdata_jack_LISTSAMP_PAK@@3QBEB) already defined in FitdLib.lib(embeddedData.obj)
FitdLib.lib(embeddedJackData.obj) : error LNK2005: "unsigned __int64 const embdata_jack_LISTSAMP_PAK_size" (?embdata_jack_LISTSAMP_PAK_size@@3_KB) already defined in FitdLib.lib(embeddedData.obj)
FitdLib.lib(embeddedJackData.obj) : error LNK2005: "unsigned char const * const embdata_jack_LISTTRAK_PAK" (?embdata_jack_LISTTRAK_PAK@@3QBEB) already defined in FitdLib.lib(embeddedData.obj)
FitdLib.lib(embeddedJackData.obj) : error LNK2005: "unsigned __int64 const embdata_jack_LISTTRAK_PAK_size" (?embdata_jack_LISTTRAK_PAK_size@@3_KB) already defined in FitdLib.lib(embeddedData.obj)
FitdLib.lib(embeddedJackData.obj) : error LNK2005: "unsigned char const * const embdata_jack_MASK16_PAK" (?embdata_jack_MASK16_PAK@@3QBEB) already defined in FitdLib.lib(embeddedData.obj)
FitdLib.lib(embeddedJackData.obj) : error LNK2005: "unsigned __int64 const embdata_jack_MASK16_PAK_size" (?embdata_jack_MASK16_PAK_size@@3_KB) already defined in FitdLib.lib(embeddedData.obj)
FitdLib.lib(embeddedJackData.obj) : error LNK2005: "unsigned char const * const embdata_jack_PERE_PAK" (?embdata_jack_PERE_PAK@@3QBEB) already defined in FitdLib.lib(embeddedData.obj)
FitdLib.lib(embeddedJackData.obj) : error LNK2005: "unsigned __int64 const embdata_jack_PERE_PAK_size" (?embdata_jack_PERE_PAK_size@@3_KB) already defined in FitdLib.lib(embeddedData.obj)
FitdLib.lib(embeddedJackData.obj) : error LNK2005: "unsigned char const * const embdata_jack_DEFINES_ITD" (?embdata_jack_DEFINES_ITD@@3QBEB) already defined in FitdLib.lib(embeddedData.obj)
FitdLib.lib(embeddedJackData.obj) : error LNK2005: "unsigned __int64 const embdata_jack_DEFINES_ITD_size" (?embdata_jack_DEFINES_ITD_size@@3_KB) already defined in FitdLib.lib(embeddedData.obj)
FitdLib.lib(embeddedJackData.obj) : error LNK2005: "unsigned char const * const embdata_jack_OBJETS_ITD" (?embdata_jack_OBJETS_ITD@@3QBEB) already defined in FitdLib.lib(embeddedData.obj)
FitdLib.lib(embeddedJackData.obj) : error LNK2005: "unsigned __int64 const embdata_jack_OBJETS_ITD_size" (?embdata_jack_OBJETS_ITD_size@@3_KB) already defined in FitdLib.lib(embeddedData.obj)
FitdLib.lib(embeddedJackData.obj) : error LNK2005: "unsigned char const * const embdata_jack_PRIORITY_ITD" (?embdata_jack_PRIORITY_ITD@@3QBEB) already defined in FitdLib.lib(embeddedData.obj)
FitdLib.lib(embeddedJackData.obj) : error LNK2005: "unsigned __int64 const embdata_jack_PRIORITY_ITD_size" (?embdata_jack_PRIORITY_ITD_size@@3_KB) already defined in FitdLib.lib(embeddedData.obj)
FitdLib.lib(embeddedJackData.obj) : error LNK2005: "unsigned char const * const embdata_jack_VARS_ITD" (?embdata_jack_VARS_ITD@@3QBEB) already defined in FitdLib.lib(embeddedData.obj)
FitdLib.lib(embeddedJackData.obj) : error LNK2005: "unsigned __int64 const embdata_jack_VARS_ITD_size" (?embdata_jack_VARS_ITD_size@@3_KB) already defined in FitdLib.lib(embeddedData.obj)
     Creating library D:/FITD/build/vs2026-new/Fitd/Release/Tatou.lib and object D:/FITD/build/vs2026-new/Fitd/Release/Tatou.exp
D:\FITD\build\vs2026-new\Fitd\Release\Tatou.exe : fatal error LNK1169: one or more multiply defined symbols found
